
> exam-os-web@0.1.0 dev
> next dev --hostname 127.0.0.1 --port 3183

▲ Next.js 16.2.7 (Turbopack)
- Local:         http://127.0.0.1:3183
- Network:       http://127.0.0.1:3183
✓ Ready in 251ms

 GET /review 200 in 182ms (next.js: 91ms, application-code: 91ms)
 GET / 307 in 147ms (next.js: 13ms, application-code: 134ms)
 GET /capture 200 in 124ms (next.js: 50ms, application-code: 74ms)
 GET /today 200 in 149ms (next.js: 54ms, application-code: 95ms)
 GET /today 200 in 83ms (next.js: 2ms, application-code: 81ms)
 GET /diagnosis 200 in 92ms (next.js: 12ms, application-code: 80ms)
 GET /review 200 in 93ms (next.js: 31ms, application-code: 62ms)
 GET /mock 200 in 172ms (next.js: 11ms, application-code: 161ms)
 GET /dashboard 200 in 168ms (next.js: 15ms, application-code: 153ms)
 GET /institution 200 in 170ms (next.js: 109ms, application-code: 61ms)
 GET /calendar 200 in 36ms (next.js: 11ms, application-code: 25ms)
 GET /review/focus 200 in 53ms (next.js: 16ms, application-code: 37ms)
 GET /review/tools 200 in 36ms (next.js: 12ms, application-code: 23ms)
 GET /review 200 in 22ms (next.js: 1560µs, application-code: 20ms)
 GET /review/focus 200 in 18ms (next.js: 1284µs, application-code: 17ms)
 GET /review/tools 200 in 21ms (next.js: 1467µs, application-code: 20ms)
[?25h
