
> exam-os-web@0.1.0 dev
> next dev --hostname 127.0.0.1 --port 3181

▲ Next.js 16.2.7 (Turbopack)
- Local:         http://127.0.0.1:3181
- Network:       http://127.0.0.1:3181
✓ Ready in 289ms

 GET /review 200 in 267ms (next.js: 154ms, application-code: 113ms)
 GET /review 200 in 33ms (next.js: 3ms, application-code: 30ms)
 GET /review 200 in 26ms (next.js: 1769µs, application-code: 24ms)
 GET / 307 in 143ms (next.js: 16ms, application-code: 127ms)
 GET /today 200 in 143ms (next.js: 41ms, application-code: 102ms)
 GET /capture 200 in 144ms (next.js: 89ms, application-code: 55ms)
 GET /today 200 in 41ms (next.js: 1383µs, application-code: 40ms)
 GET /diagnosis 200 in 80ms (next.js: 10ms, application-code: 69ms)
 GET /review 200 in 81ms (next.js: 28ms, application-code: 53ms)
 GET /mock 200 in 34ms (next.js: 11ms, application-code: 22ms)
 GET /dashboard 200 in 133ms (next.js: 11ms, application-code: 122ms)
 GET /institution 200 in 134ms (next.js: 75ms, application-code: 59ms)
 GET /calendar 200 in 40ms (next.js: 18ms, application-code: 23ms)
 GET /review/focus 200 in 40ms (next.js: 15ms, application-code: 25ms)
 GET /review/tools 200 in 32ms (next.js: 12ms, application-code: 20ms)
 GET /review 200 in 24ms (next.js: 1775µs, application-code: 22ms)
 GET /review/focus 200 in 25ms (next.js: 2ms, application-code: 22ms)
 GET /review/tools 200 in 25ms (next.js: 2ms, application-code: 23ms)
[?25h
