▲ Next.js 16.2.7 (Turbopack)
- Local:         http://127.0.0.1:3153
- Network:       http://127.0.0.1:3153
✓ Ready in 255ms

 GET /review 200 in 259ms (next.js: 136ms, application-code: 123ms)
 GET /today 200 in 142ms (next.js: 11ms, application-code: 130ms)
 GET /capture 200 in 142ms (next.js: 69ms, application-code: 73ms)
 GET / 307 in 143ms (next.js: 47ms, application-code: 96ms)
 GET /today 200 in 77ms (next.js: 2ms, application-code: 75ms)
 GET /diagnosis 200 in 101ms (next.js: 11ms, application-code: 90ms)
 GET /review 200 in 103ms (next.js: 29ms, application-code: 73ms)
 GET /mock 200 in 153ms (next.js: 21ms, application-code: 133ms)
 GET /dashboard 200 in 140ms (next.js: 10ms, application-code: 130ms)
 GET /institution 200 in 67ms (next.js: 11ms, application-code: 56ms)
 GET /calendar 200 in 32ms (next.js: 11ms, application-code: 21ms)
 GET /review/focus 200 in 23ms (next.js: 13ms, application-code: 10ms)
 GET /review/focus 200 in 32ms (next.js: 1888µs, application-code: 30ms)
 GET / 307 in 149ms (next.js: 2ms, application-code: 147ms)
 GET /today 200 in 149ms (next.js: 10ms, application-code: 139ms)
 GET /capture 200 in 150ms (next.js: 63ms, application-code: 87ms)
 GET /today 200 in 68ms (next.js: 1953µs, application-code: 66ms)
 GET /diagnosis 200 in 67ms (next.js: 1886µs, application-code: 65ms)
 GET /review 200 in 49ms (next.js: 2ms, application-code: 47ms)
 GET /mock 200 in 69ms (next.js: 1304µs, application-code: 68ms)
 GET /dashboard 200 in 71ms (next.js: 1949µs, application-code: 69ms)
 GET /institution 200 in 49ms (next.js: 2ms, application-code: 47ms)
 GET /calendar 200 in 26ms (next.js: 1551µs, application-code: 25ms)
[?25h
