
> exam-os-web@0.1.0 dev
> next dev --hostname 127.0.0.1 --port 3178

▲ Next.js 16.2.7 (Turbopack)
- Local:         http://127.0.0.1:3178
- Network:       http://127.0.0.1:3178
✓ Ready in 265ms

 GET /review 200 in 204ms (next.js: 95ms, application-code: 109ms)
 GET / 307 in 145ms (next.js: 15ms, application-code: 131ms)
 GET /today 200 in 146ms (next.js: 61ms, application-code: 85ms)
 GET /capture 200 in 147ms (next.js: 82ms, application-code: 64ms)
 GET /today 200 in 44ms (next.js: 2ms, application-code: 42ms)
 GET /diagnosis 200 in 81ms (next.js: 12ms, application-code: 69ms)
 GET /review 200 in 81ms (next.js: 29ms, application-code: 52ms)
 GET /mock 200 in 37ms (next.js: 12ms, application-code: 25ms)
 GET /dashboard 200 in 136ms (next.js: 13ms, application-code: 123ms)
 GET /institution 200 in 136ms (next.js: 82ms, application-code: 54ms)
 GET /calendar 200 in 37ms (next.js: 12ms, application-code: 25ms)
 GET /review/focus 200 in 22ms (next.js: 12ms, application-code: 10ms)
 GET /review/tools 200 in 42ms (next.js: 14ms, application-code: 28ms)
 GET /review 200 in 25ms (next.js: 1529µs, application-code: 23ms)
 GET /review/focus 200 in 33ms (next.js: 1774µs, application-code: 31ms)
[?25h
